// Jest Snapshot v1, https://goo.gl/fbAQLP

exports[`Sort should render Sort component 1`] = `
<form
  action="#"
  class="places__sorting"
  method="get"
>
  <span
    class="places__sorting-caption"
  >
    Sort by Â 
  </span>
  <span
    class="places__sorting-type"
    tabindex="0"
  >
    Popular
    <svg
      class="places__sorting-arrow"
      height="4"
      width="7"
    >
      <use
        href="#icon-arrow-select"
      />
    </svg>
  </span>
  <ul
    class="places__options places__options--custom places__options--opened"
  >
    <li
      class="places__option places__option--active"
      data-sort="popular"
      tabindex="0"
    >
      Popular
    </li>
    <li
      class="places__option false"
      data-sort="to-high"
      tabindex="0"
    >
      Price: low to high
    </li>
    <li
      class="places__option false"
      data-sort="to-low"
      tabindex="0"
    >
      Price: high to low
    </li>
    <li
      class="places__option false"
      data-sort="top-rated"
      tabindex="0"
    >
      Top rated first
    </li>
  </ul>
</form>
`;
