// Jest Snapshot v1, https://goo.gl/fbAQLP

exports[`withAddComment should render withAddComment 1`] = `null`;
