// Jest Snapshot v1, https://goo.gl/fbAQLP

exports[`Map should render Map component 1`] = `
<div
  class="map--vertical"
  id="map"
/>
`;
