// Jest Snapshot v1, https://goo.gl/fbAQLP

exports[`PrivateRoute should render PrivateRoute component 1`] = `null`;
