// Jest Snapshot v1, https://goo.gl/fbAQLP

exports[`Footer should render Footer component 1`] = `
<footer
  class="footer"
>
  <a
    class="footer__logo-link"
    href="/"
  >
    <img
      alt="6 cities logo"
      class="footer__logo"
      height="33"
      src="img/logo.svg"
      width="64"
    />
  </a>
</footer>
`;
