// Jest Snapshot v1, https://goo.gl/fbAQLP

exports[`CityWithoutOffers should render CityWithoutOffers component 1`] = `
<section
  class="cities__no-places"
>
  <div
    class="cities__status-wrapper tabs__content"
  >
    <b
      class="cities__status"
    >
      No places to stay available
    </b>
    <p
      class="cities__status-description"
    >
      We could not find any property available at the moment in Paris
    </p>
  </div>
</section>
`;
