// Jest Snapshot v1, https://goo.gl/fbAQLP

exports[`NotFoundPage should render NotFoundPage component 1`] = `
Array [
  <h3>
    No match for: 
    <code>
      /
    </code>
  </h3>,
  <a
    href="/"
    style="color:blue;text-decoration:underline"
  >
    Go home..
  </a>,
]
`;
