// Jest Snapshot v1, https://goo.gl/fbAQLP

exports[`FavoritesPageEmpty should render FavoritesPageEmpty component 1`] = `
<div
  class="page page--favorites-empty"
>
  <header
    class="header"
  >
    <div
      class="container"
    >
      <div
        class="header__wrapper"
      >
        <div
          class="header__left"
        >
          <a
            class="header__logo-link header__logo-link--active"
            href="/"
          >
            <img
              alt="6 cities logo"
              class="header__logo"
              height="41"
              src="img/logo.svg"
              width="81"
            />
          </a>
        </div>
        <nav
          class="header__nav"
        >
          <ul
            class="header__nav-list"
          >
            <li
              class="header__nav-item user"
            >
              <a
                class="header__nav-link header__nav-link--profile"
                href="/login"
              >
                <div
                  class="header__avatar-wrapper user__avatar-wrapper"
                />
                <span
                  class="header__login"
                >
                  Sign in
                </span>
              </a>
            </li>
          </ul>
        </nav>
      </div>
    </div>
  </header>
  <main
    class="page__main page__main--favorites page__main--favorites-empty"
  >
    <div
      class="page__favorites-container container"
    >
      <section
        class="favorites favorites--empty"
      >
        <h1
          class="visually-hidden"
        >
          Favorites (empty)
        </h1>
        <div
          class="favorites__status-wrapper"
        >
          <b
            class="favorites__status"
          >
            Nothing yet saved.
          </b>
          <p
            class="favorites__status-description"
          >
            Save properties to narrow down search or plan yor future trips.
          </p>
        </div>
      </section>
    </div>
  </main>
  <footer
    class="footer"
  >
    <a
      class="footer__logo-link"
      href="/"
    >
      <img
        alt="6 cities logo"
        class="footer__logo"
        height="33"
        src="img/logo.svg"
        width="64"
      />
    </a>
  </footer>
</div>
`;
