// Jest Snapshot v1, https://goo.gl/fbAQLP

exports[`RoomPage should render RoomPage component 1`] = `null`;
