// Jest Snapshot v1, https://goo.gl/fbAQLP

exports[`withActiveItem withActiveItem is rendered correctly 1`] = `null`;
